Fingerprint Enhancement System - individual-method Mode A workflow
{'python': '3.14.4', 'opencv': '5.0.0', 'numpy': '2.4.4', 'pandas': '3.0.2', 'scipy': '1.17.1', 'scikit_image': '0.26.0', 'matplotlib': '3.11.1', 'pillow': '12.2.0', 'platform': 'Windows-11-10.0.26200-SP0', 'cv2_import_works': True}
Dataset audit and subject-disjoint split complete
Preparing P0/degraded caches for 500 development and 1000 validation images
[1/6] Development parameter searches on 500 images
Parameter search: M1 NLM
  M1 NLM candidate 1/6: {'h': 0.03}
  M1 NLM candidate 2/6: {'h': 0.04}
  M1 NLM candidate 3/6: {'h': 0.05}
  M1 NLM candidate 4/6: {'h': 0.06}
  M1 NLM candidate 5/6: {'h': 0.07}
  M1 NLM candidate 6/6: {'h': 0.08}
Parameter search: M2 Modified Gabor
  M2 Modified Gabor candidate 1/3: {'frequencies': (0.075, 0.095, 0.115, 0.14), 'orientation_bins': 8, 'blend': 0.12}
    M2 Modified Gabor: 1/500 images
    M2 Modified Gabor: 100/500 images
    M2 Modified Gabor: 200/500 images
    M2 Modified Gabor: 300/500 images
    M2 Modified Gabor: 400/500 images
    M2 Modified Gabor: 500/500 images
  M2 Modified Gabor candidate 2/3: {'frequencies': (0.075, 0.095, 0.115, 0.14), 'orientation_bins': 8, 'blend': 0.18}
    M2 Modified Gabor: 1/500 images
    M2 Modified Gabor: 100/500 images
    M2 Modified Gabor: 200/500 images
    M2 Modified Gabor: 300/500 images
    M2 Modified Gabor: 400/500 images
    M2 Modified Gabor: 500/500 images
  M2 Modified Gabor candidate 3/3: {'frequencies': (0.075, 0.095, 0.115, 0.14), 'orientation_bins': 12, 'blend': 0.18}
    M2 Modified Gabor: 1/500 images
    M2 Modified Gabor: 100/500 images
    M2 Modified Gabor: 200/500 images
    M2 Modified Gabor: 300/500 images
    M2 Modified Gabor: 400/500 images
    M2 Modified Gabor: 500/500 images
Parameter search: M3 TV
  M3 TV candidate 1/4: {'weight': 0.01}
  M3 TV candidate 2/4: {'weight': 0.02}
  M3 TV candidate 3/4: {'weight': 0.04}
  M3 TV candidate 4/4: {'weight': 0.06}
Parameter search: M4 Directional Diffusion
  M4 Directional Diffusion candidate 1/4: {'iterations': 2, 'step': 0.12}
  M4 Directional Diffusion candidate 2/4: {'iterations': 4, 'step': 0.16}
  M4 Directional Diffusion candidate 3/4: {'iterations': 6, 'step': 0.14}
  M4 Directional Diffusion candidate 4/4: {'iterations': 4, 'step': 0.22}
[2/6] Development comparison with baseline control
  development evaluation: M1 NLM
  development evaluation: M2 Modified Gabor
    M2 Modified Gabor: 1/500 images
    M2 Modified Gabor: 100/500 images
    M2 Modified Gabor: 200/500 images
    M2 Modified Gabor: 300/500 images
    M2 Modified Gabor: 400/500 images
    M2 Modified Gabor: 500/500 images
  development evaluation: M3 TV
  development evaluation: M4 Directional Diffusion
[3/6] Frozen 1000-image validation of all four members
  validation evaluation: M1 NLM
  validation evaluation: M2 Modified Gabor
    M2 Modified Gabor: 1/1000 images
    M2 Modified Gabor: 100/1000 images
    M2 Modified Gabor: 200/1000 images
    M2 Modified Gabor: 300/1000 images
    M2 Modified Gabor: 400/1000 images
    M2 Modified Gabor: 500/1000 images
    M2 Modified Gabor: 600/1000 images
    M2 Modified Gabor: 700/1000 images
    M2 Modified Gabor: 800/1000 images
    M2 Modified Gabor: 900/1000 images
    M2 Modified Gabor: 1000/1000 images
  validation evaluation: M3 TV
  validation evaluation: M4 Directional Diffusion
[4/6] Supplementary Altered structural evaluation
  Altered-Easy: processing 500 images
  Altered-Medium: processing 500 images
  Altered-Hard: processing 500 images
[5/6] Saving outputs and figures
[6/6] Workflow complete
  Development images: 500
  Validation images: 1000
  Selected: M1 NLM
  Output directory: C:\ImageProcessing\Fingerprint_Enhancement_Jupyter_Project\Fingerprint_Enhancement_Jupyter_Project\Fingerprint_Enhancement_Project\outputs\final_mode_a\script
